

U-Boot 2019.04 (Feb 18 2021 - 14:19:36 +0900)

CPU:   Freescale i.MX6Q rev1.2 996 MHz (running at 792 MHz)
CPU:   Automotive temperature grade (-40C to 125C) at 40C
Reset cause: POR
Model: Freescale i.MX6 Quad SABRE Smart Device Board
Board: MX6-SabreSD
DRAM:  1 GiB
MMC:   FSL_SDHC: 1, FSL_SDHC: 2, FSL_SDHC: 3
Loading Environment from MMC... mmc_start_init, 2782
mmc_start_init, 2788
*** Warning - bad CRC, using default environment

No panel detected: default to Hannstar-XGA
Display: Hannstar-XGA (1024x768)
In:    serial
Out:   serial
Err:   serial
mmc_start_init, 2782
mmc_start_init, 2788
switch to partitions #0, OK
mmc2(part 0) is current device
flash target is MMC:2
mmc_start_init, 2782
mmc_start_init, 2788
Net:   
Error: ethernet@02188000 address not set.

Error: ethernet@02188000 address not set.
eth-1: ethernet@02188000
cannot get the partion info for misc
idx 0, ptn 0 name='gpt' start=0 len=2048
idx 1, ptn 0 name='tos' start=0 len=2047
idx 2, ptn 0 name='all' start=0 len=15273600
idx 3, ptn 0 name='bootloader' start=2 len=8192
idx 4, ptn 1 name='mmcsdc1' start=8192 len=47912
idx 5, ptn 2 name='mmcsdc2' start=57344 len=7043006
Cannot find partition 4080
do_raw_read failed, ret 1
read_bootctl, bcb_rw_block read failed
read command failed
Fastboot: Normal
Normal Boot
Hit any key to stop autoboot:  1  0 
mmc_start_init, 2782
mmc_start_init, 2788
switch to partitions #0, OK
mmc2(part 0) is current device
mmc_start_init, 2782
mmc_start_init, 2788
## Error: "loadbootscript" not defined
8047936 bytes read in 237 ms (32.4 MiB/s)
Booting from mmc ...
36739 bytes read in 8 ms (4.4 MiB/s)
Kernel image @ 0x12000000 [ 0x000000 - 0x7acd40 ]
## Flattened Device Tree blob at 18000000
   Booting using the fdt blob at 0x18000000
   Using Device Tree in place at 18000000, end 1800bf82

Starting kernel ...

Booting Linux on physical CPU 0x0
Linux version 4.19.37 (jglee@jglee-ubuntu-14-04) (gcc version 8.3.0 (GCC)) #9 SMP PREEMPT RT Wed Feb 24 17:58:10 KST 2021
CPU: ARMv7 Processor [412fc09a] revision 10 (ARMv7), cr=10c5387d
CPU: PIPT / VIPT nonaliasing data cache, VIPT aliasing instruction cache
OF: fdt: Machine model: Freescale i.MX6 Quad SABRE Smart Device Board
Memory policy: Data cache writealloc
Reserved memory: created CMA memory pool at 0x3c000000, size 320 MiB
OF: reserved mem: initialized node linux,cma, compatible id shared-dma-pool
random: get_random_bytes called from start_kernel+0xa0/0x404 with crng_init=0
percpu: Embedded 17 pages/cpu s37664 r8192 d23776 u69632
Built 1 zonelists, mobility grouping on.  Total pages: 260096
Kernel command line: console=ttymxc0,115200 root=/dev/mmcblk2p2 rootwait rw video=mxcfb0:dev=ldb,INNO-DJ080IA,fbpix=BGR24,bpp=32loadbootscript=fatload mmc 2:1 0x12000000 boot.scr
Dentry cache hash table entries: 131072 (order: 8, 1048576 bytes)
Inode-cache hash table entries: 65536 (order: 6, 262144 bytes)
Memory: 692748K/1048576K available (10240K kernel code, 769K rwdata, 3484K rodata, 2048K init, 442K bss, 28148K reserved, 327680K cma-reserved, 0K highmem)
Virtual kernel memory layout:
    vector  : 0xffff0000 - 0xffff1000   (   4 kB)
    fixmap  : 0xffc00000 - 0xfff00000   (3072 kB)
    vmalloc : 0xc0800000 - 0xff800000   (1008 MB)
    lowmem  : 0x80000000 - 0xc0000000   (1024 MB)
    pkmap   : 0x7fe00000 - 0x80000000   (   2 MB)
    modules : 0x7f000000 - 0x7fe00000   (  14 MB)
      .text : 0x(ptrval) - 0x(ptrval)   (11232 kB)
      .init : 0x(ptrval) - 0x(ptrval)   (2048 kB)
      .data : 0x(ptrval) - 0x(ptrval)   ( 770 kB)
       .bss : 0x(ptrval) - 0x(ptrval)   ( 443 kB)
SLUB: HWalign=64, Order=0-3, MinObjects=0, CPUs=4, Nodes=1
rcu: Preemptible hierarchical RCU implementation.
	No expedited grace period (rcu_normal_after_boot).
	Tasks RCU enabled.
NR_IRQS: 16, nr_irqs: 16, preallocated irqs: 16
L2C-310 errata 752271 769419 enabled
L2C-310 enabling early BRESP for Cortex-A9
L2C-310 full line of zeros enabled for Cortex-A9
L2C-310 ID prefetch enabled, offset 16 lines
L2C-310 dynamic clock gating enabled, standby mode enabled
L2C-310 cache controller enabled, 16 ways, 1024 kB
L2C-310: CACHE_ID 0x410000c7, AUX_CTRL 0x76470001
Switching to timer-based delay loop, resolution 333ns
sched_clock: 32 bits at 3000kHz, resolution 333ns, wraps every 715827882841ns
clocksource: mxc_timer1: mask: 0xffffffff max_cycles: 0xffffffff, max_idle_ns: 637086815595 ns
Console: colour dummy device 80x30
Calibrating delay loop (skipped), value calculated using timer frequency.. 6.00 BogoMIPS (lpj=30000)
pid_max: default: 32768 minimum: 301
Mount-cache hash table entries: 2048 (order: 1, 8192 bytes)
Mountpoint-cache hash table entries: 2048 (order: 1, 8192 bytes)
CPU: Testing write buffer coherency: ok
CPU0: Spectre v2: using BPIALL workaround
CPU0: thread -1, cpu 0, socket 0, mpidr 80000000
Setting up static identity map for 0x10100000 - 0x10100060
rcu: Hierarchical SRCU implementation.
smp: Bringing up secondary CPUs ...
CPU1: thread -1, cpu 1, socket 0, mpidr 80000001
CPU1: Spectre v2: using BPIALL workaround
CPU2: thread -1, cpu 2, socket 0, mpidr 80000002
CPU2: Spectre v2: using BPIALL workaround
CPU3: thread -1, cpu 3, socket 0, mpidr 80000003
CPU3: Spectre v2: using BPIALL workaround
smp: Brought up 1 node, 4 CPUs
SMP: Total of 4 processors activated (24.00 BogoMIPS).
CPU: All CPU(s) started in SVC mode.
devtmpfs: initialized
VFP support v0.3: implementor 41 architecture 3 part 30 variant 9 rev 4
clocksource: jiffies: mask: 0xffffffff max_cycles: 0xffffffff, max_idle_ns: 19112604462750000 ns
futex hash table entries: 1024 (order: 4, 65536 bytes)
pinctrl core: initialized pinctrl subsystem
NET: Registered protocol family 16
DMA: preallocated 256 KiB pool for atomic coherent allocations
cpuidle: using governor menu
CPU identified as i.MX6Q, silicon rev 1.2
vdd1p1: supplied by regulator-dummy
vdd3p0: supplied by regulator-dummy
vdd2p5: supplied by regulator-dummy
vddarm: supplied by regulator-dummy
vddpu: supplied by regulator-dummy
vddsoc: supplied by regulator-dummy
mxs_phy 20c9000.usbphy: Linked as a consumer to regulator.2
mxs_phy 20ca000.usbphy: Linked as a consumer to regulator.2
hw-breakpoint: found 5 (+1 reserved) breakpoint and 1 watchpoint registers.
hw-breakpoint: maximum watchpoint size is 4 bytes.
imx6q-pinctrl 20e0000.iomuxc: initialized IMX pinctrl driver
imx rpmsg driver is registered.
SCSI subsystem initialized
usbcore: registered new interface driver usbfs
usbcore: registered new interface driver hub
usbcore: registered new device driver usb
usb_phy_generic 2000000.aips-bus:usbphy_nop1: 2000000.aips-bus:usbphy_nop1 supply vcc not found, using dummy regulator
usb_phy_generic 2000000.aips-bus:usbphy_nop1: Linked as a consumer to regulator.0
usb_phy_generic 2000000.aips-bus:usbphy_nop2: 2000000.aips-bus:usbphy_nop2 supply vcc not found, using dummy regulator
usb_phy_generic 2000000.aips-bus:usbphy_nop2: Linked as a consumer to regulator.0
videodev: Linux video capture interface: v2.00
pps_core: LinuxPPS API ver. 1 registered
pps_core: Software ver. 5.3.6 - Copyright 2005-2007 Rodolfo Giometti <giometti@linux.it>
PTP clock support registered
mxc_vdoa 21e4000.vdoa: i.MX Video Data Order Adapter(VDOA) driver probed
MIPI CSI2 driver module loaded
Advanced Linux Sound Architecture Driver Initialized.
Bluetooth: Core ver 2.22
NET: Registered protocol family 31
Bluetooth: HCI device and connection manager initialized
Bluetooth: HCI socket layer initialized
Bluetooth: L2CAP socket layer initialized
Bluetooth: SCO socket layer initialized
clocksource: Switched to clocksource mxc_timer1
VFS: Disk quotas dquot_6.6.0
VFS: Dquot-cache hash table entries: 1024 (order 0, 4096 bytes)
NET: Registered protocol family 2
tcp_listen_portaddr_hash hash table entries: 512 (order: 2, 16384 bytes)
TCP established hash table entries: 8192 (order: 3, 32768 bytes)
TCP bind hash table entries: 8192 (order: 5, 229376 bytes)
TCP: Hash tables configured (established 8192 bind 8192)
UDP hash table entries: 512 (order: 3, 32768 bytes)
UDP-Lite hash table entries: 512 (order: 3, 32768 bytes)
NET: Registered protocol family 1
RPC: Registered named UNIX socket transport module.
RPC: Registered udp transport module.
RPC: Registered tcp transport module.
RPC: Registered tcp NFSv4.1 backchannel transport module.
hw perfevents: no interrupt-affinity property for /pmu, guessing.
hw perfevents: enabled with armv7_cortex_a9 PMU driver, 7 counters available
Bus freq driver module loaded
Initialise system trusted keyrings
workingset: timestamp_bits=30 max_order=18 bucket_order=0
NFS: Registering the id_resolver key type
Key type id_resolver registered
Key type id_legacy registered
jffs2: version 2.2. (NAND) ¨Ï 2001-2006 Red Hat, Inc.
fuse init (API version 7.27)
Key type asymmetric registered
Asymmetric key parser 'x509' registered
io scheduler noop registered
io scheduler deadline registered
io scheduler cfq registered (default)
io scheduler mq-deadline registered
io scheduler kyber registered
imx-sdma 20ec000.sdma: no iram assigned, using external mem
imx-sdma 20ec000.sdma: Direct firmware load for imx/sdma/sdma-imx6q.bin failed with error -2
imx-sdma 20ec000.sdma: Falling back to syfs fallback for: imx/sdma/sdma-imx6q.bin
mxs-dma 110000.dma-apbh: initialized
imx-pgc-pd imx-pgc-power-domain.0: DMA mask not set
imx-pgc-pd imx-pgc-power-domain.0: Linked as a consumer to 20dc000.gpc
imx-pgc-pd imx-pgc-power-domain.1: DMA mask not set
imx-pgc-pd imx-pgc-power-domain.1: Linked as a consumer to regulator.5
imx-pgc-pd imx-pgc-power-domain.1: Linked as a consumer to 20dc000.gpc
2020000.serial: ttymxc0 at MMIO 0x2020000 (irq = 28, base_baud = 5000000) is a IMX
console [ttymxc0] enabled
21e8000.serial: ttymxc1 at MMIO 0x21e8000 (irq = 66, base_baud = 5000000) is a IMX
21ec000.serial: ttymxc2 at MMIO 0x21ec000 (irq = 67, base_baud = 5000000) is a IMX
21f0000.serial: ttymxc3 at MMIO 0x21f0000 (irq = 68, base_baud = 5000000) is a IMX
21f4000.serial: ttymxc4 at MMIO 0x21f4000 (irq = 69, base_baud = 5000000) is a IMX
brd: module loaded
loop: module loaded
spi_imx 2010000.ecspi: probed
spi_imx 2018000.ecspi: probed
libphy: Fixed MDIO Bus: probed
CAN device driver interface
flexcan 2090000.flexcan: 2090000.flexcan supply xceiver not found, using dummy regulator
flexcan 2090000.flexcan: Linked as a consumer to regulator.0
flexcan 2090000.flexcan: device registered (reg_base=(ptrval), irq=32)
flexcan 2094000.flexcan: 2094000.flexcan supply xceiver not found, using dummy regulator
flexcan 2094000.flexcan: Linked as a consumer to regulator.0
flexcan 2094000.flexcan: device registered (reg_base=(ptrval), irq=33)
fec 2188000.ethernet: 2188000.ethernet supply phy not found, using dummy regulator
fec 2188000.ethernet: Linked as a consumer to regulator.0
pps pps0: new PPS source ptp0
fec 2188000.ethernet (unnamed net_device) (uninitialized): Invalid MAC address: 00:00:00:00:00:00
fec 2188000.ethernet (unnamed net_device) (uninitialized): Using random MAC address: a6:1b:14:74:a6:c3
libphy: fec_enet_mii_bus: probed
fec 2188000.ethernet eth0: registered PHC device 0
usbcore: registered new interface driver kaweth
pegasus: v0.9.3 (2013/04/25), Pegasus/Pegasus II USB Ethernet driver
usbcore: registered new interface driver pegasus
usbcore: registered new interface driver rtl8150
usbcore: registered new interface driver r8152
usbcore: registered new interface driver asix
usbcore: registered new interface driver ax88179_178a
usbcore: registered new interface driver cdc_ether
usbcore: registered new interface driver net1080
usbcore: registered new interface driver cdc_subset
usbcore: registered new interface driver zaurus
usbcore: registered new interface driver cdc_ncm
ehci_hcd: USB 2.0 'Enhanced' Host Controller (EHCI) Driver
ehci-mxc: Freescale On-Chip EHCI Host driver
usbcore: registered new interface driver usb-storage
usbcore: registered new interface driver usb_ehset_test
imx_usb 2184000.usb: 2184000.usb supply vbus not found, using dummy regulator
imx_usb 2184000.usb: Linked as a consumer to regulator.0
imx_usb 2184200.usb: 2184200.usb supply vbus not found, using dummy regulator
imx_usb 2184200.usb: Linked as a consumer to regulator.0
ci_hdrc ci_hdrc.1: EHCI Host Controller
ci_hdrc ci_hdrc.1: new USB bus registered, assigned bus number 1
ci_hdrc ci_hdrc.1: USB 2.0 started, EHCI 1.00
hub 1-0:1.0: USB hub found
hub 1-0:1.0: 1 port detected
snvs_rtc 20cc000.snvs:snvs-rtc-lp: rtc core: registered 20cc000.snvs:snvs-rtc-lp as rtc0
i2c /dev entries driver
imx2-wdt 20bc000.wdog: timeout 60 sec (nowayout=0)
Bluetooth: HCI UART driver ver 2.3
Bluetooth: HCI UART protocol H4 registered
Bluetooth: HCI UART protocol BCSP registered
Bluetooth: HCI UART protocol ATH3K registered
usbcore: registered new interface driver bcm203x
usbcore: registered new interface driver btusb
usbcore: registered new interface driver ath3k
sdhci: Secure Digital Host Controller Interface driver
sdhci: Copyright(c) Pierre Ossman
sdhci-pltfm: SDHCI platform and OF driver helper
mmc2: SDHCI controller on 2198000.usdhc [2198000.usdhc] using ADMA
mmc3: SDHCI controller on 219c000.usdhc [219c000.usdhc] using ADMA
Galcore version 6.4.0.228766
mmc2: new DDR MMC card at address 0001
mmcblk2: mmc2:0001 DG4008 7.28 GiB 
mmcblk2boot0: mmc2:0001 DG4008 partition 1 4.00 MiB
mmcblk2boot1: mmc2:0001 DG4008 partition 2 4.00 MiB
mmcblk2rpmb: mmc2:0001 DG4008 partition 3 4.00 MiB, chardev (245:0)
 mmcblk2: p1 p2
usb 1-1: new high-speed USB device number 2 using ci_hdrc
mxc_vpu 2040000.vpu_fsl: VPU initialized
caam 2100000.caam: device ID = 0x0a16010000000000 (Era 4)
caam 2100000.caam: job rings = 2, qi = 0
caam algorithms registered in /proc/crypto
caam_jr 2101000.jr0: registering rng-caam
usbcore: registered new interface driver usbhid
usbhid: USB HID core driver
NET: Registered protocol family 26
NET: Registered protocol family 10
Segment Routing with IPv6
sit: IPv6, IPv4 and MPLS over IPv4 tunneling driver
NET: Registered protocol family 17
can: controller area network core (rev 20170425 abi 9)
NET: Registered protocol family 29
can: raw protocol (rev 20170425)
can: broadcast manager protocol (rev 20170425 t)
can: netlink gateway (rev 20170425) max_hops=1
Bluetooth: RFCOMM TTY layer initialized
Bluetooth: RFCOMM socket layer initialized
Bluetooth: RFCOMM ver 1.11
Bluetooth: BNEP (Ethernet Emulation) ver 1.3
Bluetooth: BNEP filters: protocol multicast
Bluetooth: BNEP socket layer initialized
Bluetooth: HIDP (Human Interface Emulation) ver 1.2
Bluetooth: HIDP socket layer initialized
8021q: 802.1Q VLAN Support v1.8
lib80211: common routines for IEEE802.11 drivers
Key type dns_resolver registered
cpu cpu0: Linked as a consumer to regulator.4
cpu cpu0: Linked as a consumer to regulator.5
cpu cpu0: Linked as a consumer to regulator.6
Registering SWP/SWPB emulation handler
Loading compiled-in X.509 certificates
imx_thermal tempmon: Automotive CPU temperature grade - max:125C critical:120C passive:115C
snvs_rtc 20cc000.snvs:snvs-rtc-lp: setting system clock to 1970-01-01 00:00:05 UTC (5)
cfg80211: Loading compiled-in X.509 certificates for regulatory database
cfg80211: Loaded X.509 cert 'sforshee: 00b28ddf47aef9cea7'
platform regulatory.0: Direct firmware load for regulatory.db failed with error -2
mipi_dsi_pwr_on: disabling
ALSA device list:
  No soundcards found.
platform regulatory.0: Falling back to syfs fallback for: regulatory.db
random: fast init done
EXT4-fs (mmcblk2p2): recovery complete
EXT4-fs (mmcblk2p2): mounted filesystem with ordered data mode. Opts: (null)
VFS: Mounted root (ext4 filesystem) on device 179:2.
devtmpfs: mounted
Freeing unused kernel memory: 2048K
Run /sbin/init as init process
systemd[1]: System time before build time, advancing clock.
systemd[1]: systemd 239 running in system mode. (-PAM -AUDIT -SELINUX +IMA -APPARMOR +SMACK +SYSVINIT +UTMP -LIBCRYPTSETUP -GCRYPT -GNUTLS +ACL +XZ -LZ4 -SECCOMP +BLKID -ELFUTILS +KMOD -IDN2 -IDN -PCRE2 default-hierarchy=hybrid)
systemd[1]: Detected architecture arm.

Welcome to NXP i.MX Release Distro 4.19-warrior (warrior)!

systemd[1]: Set hostname to <imx6qsabresd>.
systemd[1]: File /lib/systemd/system/systemd-journald.service:36 configures an IP firewall (IPAddressDeny=any), but the local system does not support BPF/cgroup based firewalling.
systemd[1]: Proceeding WITHOUT firewalling in effect! (This warning is only shown for the first loaded unit using IP firewalling.)
random: systemd: uninitialized urandom read (16 bytes read)
systemd[1]: Reached target Remote File Systems.
[  OK  ] Reached target Remote File Systems.
random: systemd: uninitialized urandom read (16 bytes read)
systemd[1]: Started Forward Password Requests to Wall Directory Watch.
[  OK  ] Started Forward Password Requests to Wall Directory Watch.
random: systemd: uninitialized urandom read (16 bytes read)
systemd[1]: Listening on udev Kernel Socket.
[  OK  ] Listening on udev Kernel Socket.
systemd[1]: Listening on Journal Socket.
[  OK  ] Listening on Journal Socket.
systemd[1]: Reached target Swap.
[  OK  ] Reached target Swap.
[  OK  ] Started Dispatch Password Requests to Console Directory Watch.
[  OK  ] Created slice system-getty.slice.
[  OK  ] Listening on initctl Compatibility Named Pipe.
[  OK  ] Created slice system-serial\x2dgetty.slice.
[  OK  ] Reached target Paths.
[  OK  ] Listening on Journal Socket (/dev/log).
[  OK  ] Reached target Host and Network Name Lookups.
[  OK  ] Created slice User and Session Slice.
[  OK  ] Reached target Slices.
[  OK  ] Listening on Syslog Socket.
         Starting Journal Service...
         Starting Create list of required st¡¦ce nodes for the current kernel...
         Starting Remount Root and Kernel File Systems...
[  OK  ] Listening on Network Service Netlink Socket.
EXT4-fs (mmcblk2p2): re-mounted. Opts: (null)
         Starting Load Kernel Modules...
         Starting Setup Virtual Console...
         Mounting Kernel Debug File System...
[  OK  ] Listening on udev Control Socket.
         Starting udev Coldplug all Devices...
         Mounting Temporary Directory (/tmp)...
[  OK  ] Started Journal Service.
[  OK  ] Started Create list of required sta¡¦vice nodes for the current kernel.
[  OK  ] Started Remount Root and Kernel File Systems.
[  OK  ] Started Load Kernel Modules.
[  OK  ] Started Setup Virtual Console.
[  OK  ] Mounted Kernel Debug File System.
[  OK  ] Mounted Temporary Directory (/tmp).
         Mounting Kernel Configuration File System...
         Mounting FUSE Control File System...
         Starting Apply Kernel Variables...
         Starting Create Static Device Nodes in /dev...
         Starting Flush Journal to Persistent Storage...
[  OK  ] Mounted Kernel Configuration File System.
[  OK  ] Mounted FUSE Control File System.
[  OK  ] Started Apply Kernel Variables.
[  OK  ] Started Create Static Device Nodes in /dev.
         Starting udev Kernel Device Manager...
[  OK  ] Reached target Local File Systems (Pre).
         Mounting /var/volatile...
[  OK  ] Reached target Containers.
[  OK  ] Started udev Kernel Device Manager.
[  OK  ] Started udev Coldplug all Devices.
[  OK  ] Mounted /var/volatile.
systemd-journald[228]: Received request to flush runtime journal from PID 1
[  OK  ] Reached target Local File Systems.
         Starting Load/Save Random Seed...
         Starting Start Psplash Boot Screen...
[  OK  ] Started Flush Journal to Persistent Storage.
[  OK  ] Started Load/Save Random Seed.
[  OK  ] Started Start Psplash Boot Screen.
cfg80211: failed to load regulatory.db
imx-sdma 20ec000.sdma: loaded firmware 3.5
         Starting Create Volatile Files and Directories...
[  OK  ] Started Create Volatile Files and Directories.
[  OK  ] Found device /dev/ttymxc0.
         Starting Network Time Synchronization...
         Starting Network Service...
         Starting Update UTMP about System Boot/Shutdown...
[  OK  ] Started Network Service.
[  OK  ] Started Network Time Synchronization.
[  OK  ] Started Update UTMP about System Boot/Shutdown.
[  OK  ] Reached target System Time Synchronized.
[  OK  ] Reached target System Initialization.
[  OK  ] Listening on dropbear.socket.
[  OK  ] Listening on D-Bus System Message Bus Socket.
[  OK  ] Listening on Avahi mDNS/DNS-SD Stack Activation Socket.
         Starting Console System Startup Logging...
[  OK  ] Started Daily rotation of log files.
[  OK  ] Listening on RPCbind Server Activation Socket.
[  OK  ] Reached target Sockets.
usbcore: registered new interface driver usbserial_generic
usbserial: USB Serial support registered for generic
[  OK  ] Started Daily Cleanup of Temporary Directories.
usbcore: registered new interface driver ftdi_sio
usbserial: USB Serial support registered for FTDI USB Serial Device
ftdi_sio 1-1:1.0: FTDI USB Serial Device converter detected
usb 1-1: Detected FT4232H
usb 1-1: FTDI USB Serial Device converter now attached to ttyUSB0
ftdi_sio 1-1:1.1: FTDI USB Serial Device converter detected
usb 1-1: Detected FT4232H
usb 1-1: FTDI USB Serial Device converter now attached to ttyUSB1
ftdi_sio 1-1:1.2: FTDI USB Serial Device converter detected
[  OK  usb 1-1: Detected FT4232H
] Reached target Timers.
usb 1-1: FTDI USB Serial Device converter now attached to ttyUSB2
ftdi_sio 1-1:1.3: FTDI USB Serial Device converter detected
usb 1-1: Detected FT4232H
usb 1-1: FTDI USB Serial Device converter now attached to ttyUSB3
[  OK  ] Reached target Basic System.
[  OK  ] Started TEE Supplicant.
         Starting Avahi mDNS/DNS-SD Stack...
[  OK  ] Started D-Bus System Message Bus.
         Starting Connection service...
         Starting RPC Bind Service...
         Starting System Logging Service...
[  OK  ] Started Periodic Command Scheduler.
[  OK  ] Started Job spooling tools.
         Starting Login Service...
[  OK  ] Started Configuration for i.MX GPU (Former rc_gpu.S).
         Starting Network Time Service (one-shot ntpdate mode)...
[  OK  ] Started Updates psplash to basic.
         Starting Telephony serviGeneric PHY 2188000.ethernet-1:00: attached PHY driver [Generic PHY] (mii_bus:phy_addr=2188000.ethernet-1:00, irq=POLL)
ce...
[  OK  ] Started Xserver startup withouIPv6: ADDRCONF(NETDEV_UP): eth0: link is not ready
t a display manager.
[  OK  ] Started Console System Startup Logging.
[  OK  ] Started RPC Bind Service.
[  OK  ] Started System Logging Service.
[  OK  ] Started Network Time Service (one-shot ntpdate mode).
         Starting Hostname Service...
         Starting WPA supplicant...
[  OK  ] Created slice system-systemd\x2dfsck.slice.
         Starting File System Check on /dev/mmcblk2p1...
         Starting Kernel Logging Service...
[  OK  ] Started WPA supplicant.
[  OK  ] Started Login Service.
[  OK  ] Started Telephony service.
[  OK  ] Started Connection service.
[  OK  ] Started Avahi mDNS/DNS-SD Stack.
[  OK  ] Reached target Network.
[  OK  ] Started Update psplash to network.
         Starting Terminate Psplash Boot Screen...
[  OK  ] Started NFS status monitor for NFSv2/3 locking..
         Starting /etc/rc.local Compatibility...
[  OK  ] Started File System Check on /dev/mmcblk2p1.
[FAILED] Failed to start Terminate Psplash Boot Screen.
See 'systemctl status psplash-quit.service' for details.
[  OK  ] Started /etc/rc.local Compatibility.
[  OK  ] Started Hostname Service.
[  OK  ] Started Getty on tty1.
[  OK  ] Started Serial Getty on ttymxc0.
[  OK  ] Reached target Login Prompts.
         Mounting /run/media/mmcblk2p1...
[  OK  ] Started Kernel Logging Service.
[  OK  ] Mounted /run/media/mmcblk2p1.
[  OK  ] Reached target Multi-User System.
[  OK  ] Reached target Graphical Interface.
         Starting Update UTMP about System Runlevel Changes...
[  OK  ] Started Update UTMP about System Runlevel Changes.

NXP i.MX Release Distro 4.19-warrior imx6qsabresd ttymxc0

imx6qsabresd login: fec 2188000.ethernet eth0: Link is Up - 100Mbps/Full - flow control rx/tx
IPv6: ADDRCONF(NETDEV_CHANGE): eth0: link becomes ready

NXP i.MX Release Distro 4.19-warrior imx6qsabresd ttymxc0

imx6qsabresd login: root
root@imx6qsabresd:~# 
root@imx6qsabresd:~# ./imu_test 
Looking for port /dev/ttyUSB0.
Opening port.
Setting port to 230400 8N1, no flow control.
Adding port RX event to event set.
random: crng init done
random: 7 urandom warning(s) missed due to ratelimiting
^C
root@imx6qsabresd:~# 


...


root@imx6qsabresd:~# ./imu_test 
Looking for port /dev/ttyUSB0.................
Opening port.
ftdi_sio ttyUSB0: ftdi_set_termios FAILED to set databits/stopbits/parity
ftdi_sio ttyUSB0: ftdi_set_termios urb failed to set baudrate
ftdi_sio ttyUSB0: failed to set flow control: -71
ftdi_sio ttyUSB0: failed to get modem status: -71
ftdi_sio ttyUSB0: failed to get modem status: -71
# Error: Failed: Input/output error
Aborted
root@imx6qsabresd:~# 